2026-07-08 10:57:10,232 DEBUG [flink_migration_skill.cli] config.py:88 Logging to /Users/jerome/Documents/Code/migration-to-flink-skills/flink-qa-skill/logs/ksql-flink-cli.log (level=DEBUG)
2026-07-08 11:08:18,837 DEBUG [flink_migration_skill.cli] config.py:88 Logging to /Users/jerome/Documents/Code/migration-to-flink-skills/flink-qa-skill/logs/ksql-flink-cli.log (level=DEBUG)
2026-07-08 11:08:39,138 INFO [flink_migration_skill.cli] factory.py:122 agent: Agent run started
2026-07-08 11:08:39,139 INFO [flink_migration_skill.cli] cli_progress.py:16 agent: Agent run started
2026-07-08 11:08:54,287 INFO [flink_migration_skill.cli] factory.py:122 agent: Tool: get_skill_instructions
2026-07-08 11:08:54,288 INFO [flink_migration_skill.cli] cli_progress.py:16 agent: Tool: get_skill_instructions
2026-07-08 11:08:54,290 INFO [flink_migration_skill.cli] factory.py:122 agent: Tool completed: get_skill_instructions
2026-07-08 11:08:54,290 INFO [flink_migration_skill.cli] cli_progress.py:16 agent: Tool completed: get_skill_instructions
2026-07-08 11:09:52,331 INFO [flink_migration_skill.cli] factory.py:122 agent: Agent run completed
2026-07-08 11:09:52,331 INFO [flink_migration_skill.cli] cli_progress.py:16 agent: Agent run completed
2026-07-08 11:09:52,425 INFO [flink_migration_skill.cli] factory.py:160 agent: run finished (3205 chars)
2026-07-08 11:11:14,462 DEBUG [flink_migration_skill.cli] config.py:88 Logging to /Users/jerome/Documents/Code/migration-to-flink-skills/flink-qa-skill/logs/ksql-flink-cli.log (level=DEBUG)
2026-07-08 11:11:27,289 INFO [flink_migration_skill.cli] factory.py:122 agent: Agent run started
2026-07-08 11:11:27,290 INFO [flink_migration_skill.cli] cli_progress.py:16 agent: Agent run started
2026-07-08 11:12:35,578 INFO [flink_migration_skill.cli] factory.py:122 agent: Agent run completed
2026-07-08 11:12:35,578 INFO [flink_migration_skill.cli] cli_progress.py:16 agent: Agent run completed
2026-07-08 11:12:35,605 INFO [flink_migration_skill.cli] factory.py:160 agent: run finished (3675 chars)
2026-07-08 11:17:31,594 DEBUG [flink_migration_skill.cli] config.py:88 Logging to /Users/jerome/Documents/Code/migration-to-flink-skills/flink-qa-skill/logs/ksql-flink-cli.log (level=DEBUG)
2026-07-08 11:18:01,079 INFO [flink_migration_skill.cli] factory.py:122 agent: Agent run started
2026-07-08 11:18:01,080 INFO [flink_migration_skill.cli] cli_progress.py:16 agent: Agent run started
2026-07-08 11:18:08,607 INFO [flink_migration_skill.cli] factory.py:122 agent: Tool: get_skill_instructions
2026-07-08 11:18:08,608 INFO [flink_migration_skill.cli] cli_progress.py:16 agent: Tool: get_skill_instructions
2026-07-08 11:18:08,609 INFO [flink_migration_skill.cli] factory.py:122 agent: Tool completed: get_skill_instructions
2026-07-08 11:18:08,610 INFO [flink_migration_skill.cli] cli_progress.py:16 agent: Tool completed: get_skill_instructions
2026-07-08 11:19:07,582 INFO [flink_migration_skill.cli] factory.py:122 agent: Agent run completed
2026-07-08 11:19:07,583 INFO [flink_migration_skill.cli] cli_progress.py:16 agent: Agent run completed
2026-07-08 11:19:07,624 INFO [flink_migration_skill.cli] factory.py:160 agent: run finished (4031 chars)
