2026-07-29 19:23:34,783 DEBUG [flink_migration_skill.cli] config.py:88 Logging to /Users/jerome/Documents/Code/migration-to-flink-skills/flink-skill-common/logs/ksql-flink-cli.log (level=DEBUG)
2026-07-29 19:23:34,817 DEBUG [flink_migration_skill.cli] config.py:88 Logging to /Users/jerome/Documents/Code/migration-to-flink-skills/flink-skill-common/logs/ksql-flink-cli.log (level=DEBUG)
2026-07-29 19:23:34,817 INFO [flink_migration_skill.cli] convergence.py:206 Convergence attempt 1 of 1 for table=my_table
2026-07-29 19:23:34,817 INFO [flink_migration_skill.cli] convergence.py:40 Offline validation passed.
2026-07-29 19:23:34,817 INFO [flink_migration_skill.cli] convergence.py:40 Skipped deploy (--skip-deploy).
2026-07-29 19:23:34,818 INFO [flink_migration_skill.cli] convergence.py:206 Convergence attempt 1 of 1 for table=my_table
2026-07-29 19:23:34,818 ERROR [flink_migration_skill.cli] sql_validate.py:181 SQL validation error [ddl#0]: Expecting )
2026-07-29 19:23:34,819 INFO [flink_migration_skill.cli] convergence.py:206 Convergence attempt 1 of 1 for table=my_table
2026-07-29 19:23:34,820 INFO [flink_migration_skill.cli] convergence.py:40 Offline validation passed.
2026-07-29 19:23:34,820 INFO [flink_migration_skill.cli] convergence.py:40 Skipped deploy (--skip-deploy).
2026-07-29 19:23:34,858 INFO [flink_migration_skill.cli] convergence.py:206 Convergence attempt 1 of 1 for table=my_table
2026-07-29 19:23:34,859 INFO [flink_migration_skill.cli] convergence.py:40 Offline validation passed.
2026-07-29 19:23:34,859 INFO [flink_migration_skill.cli] convergence.py:40 Skipped deploy (--skip-deploy).
2026-07-29 19:23:34,862 INFO [flink_migration_skill.cli] convergence.py:206 Convergence attempt 1 of 2 for table=my_table
2026-07-29 19:23:34,862 INFO [flink_migration_skill.cli] convergence.py:40 Convergence attempt 1 of 2
2026-07-29 19:23:34,862 ERROR [flink_migration_skill.cli] sql_validate.py:181 SQL validation error [ddl#0]: syntax error
2026-07-29 19:23:34,862 INFO [flink_migration_skill.cli] convergence.py:112 Validation failed, invoking agent fix (attempt 1): [ddl#0] syntax error
2026-07-29 19:23:34,862 INFO [flink_migration_skill.cli] convergence.py:40 Validation failed: [ddl#0] syntax error Agent fixer will attempt to correct SQL automatically (attempt 1/2).
2026-07-29 19:23:34,862 INFO [flink_migration_skill.cli] convergence.py:40 Invoking deploy fixer agent...
2026-07-29 19:23:34,862 INFO [flink_migration_skill.cli] response_io.py:57 DDL: CREATE TABLE IF NOT EXISTS my_table (
    id INT
) DISTRIBUTED BY HASH(id) INTO 1 BUCKETS
WITH ('changelog.mode' = 'append');
2026-07-29 19:23:34,862 INFO [flink_migration_skill.cli] response_io.py:58 DML: INSERT INTO my_table SELECT id FROM src;
2026-07-29 19:23:34,862 INFO [flink_migration_skill.cli] convergence.py:206 Convergence attempt 2 of 2 for table=my_table
2026-07-29 19:23:34,862 INFO [flink_migration_skill.cli] convergence.py:40 Convergence attempt 2 of 2
2026-07-29 19:23:34,863 INFO [flink_migration_skill.cli] convergence.py:40 Offline validation passed.
2026-07-29 19:23:34,863 INFO [flink_migration_skill.cli] convergence.py:40 Skipped deploy (--skip-deploy).
2026-07-29 19:23:34,864 INFO [flink_migration_skill.cli] convergence.py:206 Convergence attempt 1 of 2 for table=my_table
2026-07-29 19:23:34,864 INFO [flink_migration_skill.cli] convergence.py:40 Convergence attempt 1 of 2
2026-07-29 19:23:34,864 INFO [flink_migration_skill.cli] convergence.py:40 Offline validation passed.
2026-07-29 19:23:34,864 INFO [flink_migration_skill.cli] convergence.py:40 Skipped deploy (--skip-deploy).
2026-07-29 19:23:34,867 INFO [flink_migration_skill.cli] convergence.py:206 Convergence attempt 1 of 1 for table=my_table
2026-07-29 19:23:34,868 INFO [flink_migration_skill.cli] convergence.py:40 Offline validation passed.
2026-07-29 19:23:34,868 INFO [flink_migration_skill.cli] convergence.py:40 Skipped deploy (--skip-deploy).
2026-07-29 19:23:34,870 INFO [flink_migration_skill.cli] convergence.py:206 Convergence attempt 1 of 2 for table=my_table
2026-07-29 19:23:34,870 INFO [flink_migration_skill.cli] convergence.py:40 Convergence attempt 1 of 2
2026-07-29 19:23:34,871 INFO [flink_migration_skill.cli] convergence.py:40 Offline validation passed.
2026-07-29 19:23:34,871 INFO [flink_migration_skill.cli] convergence.py:40 Skipped deploy (--skip-deploy).
2026-07-29 19:23:34,873 INFO [flink_migration_skill.cli] convergence.py:206 Convergence attempt 1 of 2 for table=my_table
2026-07-29 19:23:34,874 INFO [flink_migration_skill.cli] convergence.py:40 Convergence attempt 1 of 2
2026-07-29 19:23:34,874 ERROR [flink_migration_skill.cli] sql_validate.py:181 SQL validation error [ddl#0]: syntax error
2026-07-29 19:23:34,885 INFO [flink_migration_skill.cli] convergence.py:206 Convergence attempt 1 of 1 for table=my_table
2026-07-29 19:23:34,885 INFO [flink_migration_skill.cli] convergence.py:40 Offline validation passed.
2026-07-29 19:23:34,886 INFO [flink_migration_skill.cli] convergence.py:40 Skipped deploy (--skip-deploy).
2026-07-29 19:23:34,889 INFO [flink_migration_skill.cli] convergence.py:206 Convergence attempt 1 of 1 for table=my_table
2026-07-29 19:23:34,889 ERROR [flink_migration_skill.cli] sql_validate.py:181 SQL validation error [ddl#0]: syntax error
2026-07-29 19:23:34,889 INFO [flink_migration_skill.cli] convergence.py:112 Validation failed, invoking agent fix (attempt 1): [ddl#0] syntax error
2026-07-29 19:23:34,889 INFO [flink_migration_skill.cli] convergence.py:40 Validation failed: [ddl#0] syntax error Agent fixer will attempt to correct SQL automatically (attempt 1/1).
2026-07-29 19:23:34,889 INFO [flink_migration_skill.cli] convergence.py:40 Invoking deploy fixer agent...
2026-07-29 19:23:34,890 INFO [flink_migration_skill.cli] convergence.py:40 Invoking deploy fixer agent...
2026-07-29 19:23:34,891 INFO [flink_migration_skill.cli] convergence.py:40 Invoking deploy fixer agent...
2026-07-29 19:23:34,892 INFO [flink_migration_skill.cli] convergence.py:40 Invoking deploy fixer agent...
2026-07-29 19:23:34,892 INFO [flink_migration_skill.cli] response_io.py:57 DDL: CREATE TABLE IF NOT EXISTS t (id INT);
2026-07-29 19:23:34,892 INFO [flink_migration_skill.cli] response_io.py:58 DML: 
2026-07-29 19:23:34,893 INFO [flink_migration_skill.cli] convergence.py:40 
Extracted 1 DDL, 0 DML
2026-07-29 19:23:34,893 INFO [flink_migration_skill.cli] convergence.py:40 Writing output files to /private/var/folders/db/173vw5n568ggqk093dt16d600000gn/T/pytest-of-jerome/pytest-8/test_clean_flink_sql_and_valid0/t
2026-07-29 19:23:34,893 INFO [flink_migration_skill.cli] convergence.py:40 No DML in response; skipped validation and deploy
2026-07-29 19:23:34,894 INFO [flink_migration_skill.cli] response_io.py:57 DDL: CREATE TABLE IF NOT EXISTS src (id INT);
CREATE TABLE IF NOT EXISTS target (id INT);
2026-07-29 19:23:34,894 INFO [flink_migration_skill.cli] response_io.py:58 DML: INSERT INTO target SELECT id FROM src;
2026-07-29 19:23:34,894 INFO [flink_migration_skill.cli] convergence.py:40 
Extracted 2 DDL, 1 DML
2026-07-29 19:23:34,894 INFO [flink_migration_skill.cli] convergence.py:40 Writing output files to /private/var/folders/db/173vw5n568ggqk093dt16d600000gn/T/pytest-of-jerome/pytest-8/test_clean_flink_sql_and_valid1/target
2026-07-29 19:23:34,895 INFO [flink_migration_skill.cli] response_io.py:57 DDL: CREATE TABLE IF NOT EXISTS george_martin_books (bookid BIGINT);
2026-07-29 19:23:34,895 INFO [flink_migration_skill.cli] response_io.py:58 DML: INSERT INTO george_martin_books SELECT bookid FROM publication_events;
2026-07-29 19:23:34,895 INFO [flink_migration_skill.cli] convergence.py:40 
Extracted 1 DDL, 1 DML
2026-07-29 19:23:34,895 INFO [flink_migration_skill.cli] convergence.py:40 Writing output files to /private/var/folders/db/173vw5n568ggqk093dt16d600000gn/T/pytest-of-jerome/pytest-8/test_clean_flink_sql_and_valid2/george_martin_books
2026-07-29 19:23:34,895 INFO [flink_migration_skill.cli] convergence.py:40 Missing source tables: publication_events
2026-07-29 19:23:34,895 INFO [flink_migration_skill.cli] convergence.py:40 Generating source DDL stubs...
2026-07-29 19:23:34,896 INFO [flink_migration_skill.cli] convergence.py:40 Wrote 1 source DDL stub(s)
2026-07-29 19:23:35,120 INFO [flink_migration_skill.cli] factory.py:127 agent: starting run (non-streaming)
2026-07-29 19:23:35,120 INFO [flink_migration_skill.cli] factory.py:130 agent: run finished (17 chars)
2026-07-29 19:23:35,121 INFO [flink_migration_skill.cli] factory.py:122 agent: Agent run started
2026-07-29 19:23:35,121 INFO [flink_migration_skill.cli] factory.py:122 agent: Tool: get_skill_instructions
2026-07-29 19:23:35,121 INFO [flink_migration_skill.cli] factory.py:122 agent: Tool completed: get_skill_instructions
2026-07-29 19:23:35,121 INFO [flink_migration_skill.cli] factory.py:122 agent: Agent run completed
2026-07-29 19:23:35,121 INFO [flink_migration_skill.cli] factory.py:160 agent: run finished (14 chars)
2026-07-29 19:23:35,121 INFO [flink_migration_skill.cli] factory.py:122 agent: Agent run started
2026-07-29 19:23:35,121 INFO [flink_migration_skill.cli] factory.py:122 agent: Agent run completed
2026-07-29 19:23:35,122 INFO [flink_migration_skill.cli] factory.py:163 agent: run finished (12 chars)
2026-07-29 19:23:35,122 INFO [flink_migration_skill.cli] factory.py:122 agent: Agent run started
2026-07-29 19:23:35,122 INFO [flink_migration_skill.cli] factory.py:122 agent: Agent run interrupted
2026-07-29 19:23:35,132 INFO [flink_migration_skill.cli] flink_statement_manager.py:292 Statement t-ddl submitted (kind=snapshot_ddl, phase=COMPLETED)
2026-07-29 19:23:35,132 WARNING [flink_migration_skill.cli] flink_statement_manager.py:311 OperationalError creating t-ddl: exists
2026-07-29 19:23:35,145 INFO [flink_migration_skill.cli] flink_statement_manager.py:292 Statement t-ddl submitted (kind=snapshot_ddl, phase=RUNNING)
2026-07-29 19:23:35,145 DEBUG [flink_migration_skill.cli] flink_statement_manager.py:360 Statement t-ddl phase PENDING; polling again in 0.0s
2026-07-29 19:23:35,157 INFO [flink_migration_skill.cli] flink_statement_manager.py:353 Statement t-ddl reached phase RUNNING (detail=)
2026-07-29 19:23:35,157 DEBUG [flink_migration_skill.cli] flink_statement_manager.py:360 Statement t-ddl phase PENDING; polling again in 0.0s
2026-07-29 19:23:35,170 DEBUG [flink_migration_skill.cli] flink_statement_manager.py:360 Statement t-ddl phase PENDING; polling again in 0.0s
2026-07-29 19:23:35,181 DEBUG [flink_migration_skill.cli] flink_statement_manager.py:360 Statement t-ddl phase PENDING; polling again in 0.0s
2026-07-29 19:23:35,192 DEBUG [flink_migration_skill.cli] flink_statement_manager.py:360 Statement t-ddl phase PENDING; polling again in 0.0s
2026-07-29 19:23:35,202 DEBUG [flink_migration_skill.cli] flink_statement_manager.py:360 Statement t-ddl phase PENDING; polling again in 0.0s
2026-07-29 19:23:35,215 DEBUG [flink_migration_skill.cli] flink_statement_manager.py:360 Statement t-ddl phase PENDING; polling again in 0.0s
2026-07-29 19:23:35,217 INFO [flink_migration_skill.cli] flink_statement_manager.py:569 Deploying target DDL my-table-ddl from /private/var/folders/db/173vw5n568ggqk093dt16d600000gn/T/pytest-of-jerome/pytest-8/test_deploy_table_deletes_ddl_0/ddl.my_table.sql
2026-07-29 19:23:35,217 INFO [flink_migration_skill.cli] flink_statement_manager.py:590 Deploying target DML my-table-dml from /private/var/folders/db/173vw5n568ggqk093dt16d600000gn/T/pytest-of-jerome/pytest-8/test_deploy_table_deletes_ddl_0/dml.my_table.sql
2026-07-29 19:23:35,218 ERROR [flink_migration_skill.cli] llm_tools.py:26 create_flink_statement failed
Traceback (most recent call last):
  File "/Users/jerome/Documents/Code/migration-to-flink-skills/flink-skill-common/harness/src/flink_skill_common/deploy/llm_tools.py", line 43, in _run_tool
    return json.dumps(fn(), indent=2)
                      ^^^^
  File "/Users/jerome/Documents/Code/migration-to-flink-skills/flink-skill-common/harness/src/flink_skill_common/deploy/llm_tools.py", line 51, in <lambda>
    lambda: self._manager.create_statement(statement_name, sql),
            ^^^^^^^^^^^^^^^^^^^^^^^^^^^^^^^^^^^^^^^^^^^^^^^^^^^
  File "/Users/jerome/.local/share/uv/python/cpython-3.12.12-macos-aarch64-none/lib/python3.12/unittest/mock.py", line 1139, in __call__
    return self._mock_call(*args, **kwargs)
           ^^^^^^^^^^^^^^^^^^^^^^^^^^^^^^^^
  File "/Users/jerome/.local/share/uv/python/cpython-3.12.12-macos-aarch64-none/lib/python3.12/unittest/mock.py", line 1143, in _mock_call
    return self._execute_mock_call(*args, **kwargs)
           ^^^^^^^^^^^^^^^^^^^^^^^^^^^^^^^^^^^^^^^^
  File "/Users/jerome/.local/share/uv/python/cpython-3.12.12-macos-aarch64-none/lib/python3.12/unittest/mock.py", line 1198, in _execute_mock_call
    raise effect
flink_skill_common.deploy.flink_statement_manager.StatementManagerError: Failed to create clicks-ddl: Schema Registry subject 'clicks-key' doesn't match.
2026-07-29 19:23:35,221 ERROR [flink_migration_skill.cli] llm_tools.py:26 wait_flink_statement_phase failed
Traceback (most recent call last):
  File "/Users/jerome/Documents/Code/migration-to-flink-skills/flink-skill-common/harness/src/flink_skill_common/deploy/llm_tools.py", line 43, in _run_tool
    return json.dumps(fn(), indent=2)
                      ^^^^
  File "/Users/jerome/Documents/Code/migration-to-flink-skills/flink-skill-common/harness/src/flink_skill_common/deploy/llm_tools.py", line 95, in _wait
    return self._manager.wait_for_phase(statement_name, phases)
           ^^^^^^^^^^^^^^^^^^^^^^^^^^^^^^^^^^^^^^^^^^^^^^^^^^^^
  File "/Users/jerome/.local/share/uv/python/cpython-3.12.12-macos-aarch64-none/lib/python3.12/unittest/mock.py", line 1139, in __call__
    return self._mock_call(*args, **kwargs)
           ^^^^^^^^^^^^^^^^^^^^^^^^^^^^^^^^
  File "/Users/jerome/.local/share/uv/python/cpython-3.12.12-macos-aarch64-none/lib/python3.12/unittest/mock.py", line 1143, in _mock_call
    return self._execute_mock_call(*args, **kwargs)
           ^^^^^^^^^^^^^^^^^^^^^^^^^^^^^^^^^^^^^^^^
  File "/Users/jerome/.local/share/uv/python/cpython-3.12.12-macos-aarch64-none/lib/python3.12/unittest/mock.py", line 1198, in _execute_mock_call
    raise effect
flink_skill_common.deploy.flink_statement_manager.DeployError: Timeout waiting for clicks-ddl
2026-07-29 20:06:17,499 DEBUG [flink_migration_skill.cli] config.py:100 Logging to /Users/jerome/Documents/Code/migration-to-flink-skills/flink-skill-common/logs/ksql-flink-cli.log (level=DEBUG)
2026-07-29 20:07:24,390 DEBUG [flink_migration_skill.cli] config.py:100 Logging to /Users/jerome/Documents/Code/migration-to-flink-skills/flink-skill-common/logs/ksql-flink-cli.log (level=DEBUG)
2026-07-29 20:07:30,427 DEBUG [flink_migration_skill.cli] config.py:100 Logging to /Users/jerome/Documents/Code/migration-to-flink-skills/flink-skill-common/logs/ksql-flink-cli.log (level=DEBUG)
2026-07-29 20:08:43,855 DEBUG [flink_migration_skill.cli] config.py:101 Logging to /Users/jerome/Documents/Code/migration-to-flink-skills/flink-skill-common/logs/ksql-flink-cli.log (level=DEBUG)
2026-07-29 21:35:49,227 DEBUG [flink_migration_skill.cli] config.py:101 Logging to /Users/jerome/Documents/Code/migration-to-flink-skills/flink-skill-common/logs/ksql-flink-cli.log (level=DEBUG)
2026-07-29 21:35:49,228 ERROR [flink_migration_skill.cli] config.py:143 Error fetching models payload from http://10.0.0.148:7999/v1/models: <urlopen error timed out>
2026-07-29 21:39:46,573 DEBUG [flink_migration_skill.cli] config.py:101 Logging to /Users/jerome/Documents/Code/migration-to-flink-skills/flink-skill-common/logs/ksql-flink-cli.log (level=DEBUG)
2026-07-29 21:39:46,574 ERROR [flink_migration_skill.cli] config.py:140 HTTP 403 from http://10.0.0.148:7999/v1/models: Blocked by sandbox network policy
Destination: 10.0.0.148:7999
Reason: not on allow list

